import 'package:pb_dtos/pb/dto/dto.dart';
import 'package:pb_dtos/pb/dto/dto_sort.dart';
import 'blocks_dto.dart';
import 'users_dto_sort.dart';
import 'permissions_dto_sort.dart';
import 'roles_dto_sort.dart';
import 'follows_dto_sort.dart';
import 'friends_dto_sort.dart';
import 'blocks_dto_sort.dart';
import 'posts_dto_sort.dart';
import 'blocks_dto_expand.dart';

class BlocksDtoSort<D extends Dto<D>> extends DtoSortBase<D, BlocksDto> {
  BlocksDtoSort() : super.root();

  BlocksDtoSort.from(super.delegate);

  void call({bool desc = false}) {
    finish(desc);
  }

  UsersDtoSort<BlocksDto> get blocker =>
      UsersDtoSort.from(addRelation(BlocksDtoFieldEnum.blocker));

  UsersDtoSort<BlocksDto> get blocked =>
      UsersDtoSort.from(addRelation(BlocksDtoFieldEnum.blocked));

  void type({bool desc = false}) => addField(BlocksDtoFieldEnum.type, desc);

  void id({bool desc = false}) => addField(BlocksDtoFieldEnum.id, desc);
}
