import 'package:freezed_annotation/freezed_annotation.dart';
import 'package:json_annotation/json_annotation.dart';
import "package:pocketbase/pocketbase.dart" show RecordModel;
import 'package:pb_dtos/pb/dto/dto.dart';
import 'package:pb_dtos/pb/dto/dto_expand.dart';
import 'package:pb_dtos/pb/dto/dto_field.dart';
import 'package:pb_dtos/pb/dto/file_dto.dart';
import 'package:pb_dtos/pb/dto/geopoint_dto.dart';
import 'package:pb_dtos/pb/dto/relation_dto.dart';
import 'package:pb_dtos/pb/dto/patch_dto.dart';
import 'users_dto.dart';
import 'permissions_dto.dart';
import 'roles_dto.dart';
import 'follows_dto.dart';
import 'friends_dto.dart';
import 'blocks_dto.dart';
import 'posts_dto.dart';
import 'blocks_dto_filter.dart';
import 'blocks_dto_meta.dart';
import 'blocks_dto_sort.dart';
import 'blocks_dto_expand.dart';
import 'package:http/http.dart' as http;

part 'blocks_patch_dto.freezed.dart';
part 'blocks_patch_dto.g.dart';

@freezed
@JsonSerializable(explicitToJson: true, includeIfNull: false)
class BlocksPatchDto with _$BlocksPatchDto implements PatchDto<BlocksDto> {
  BlocksPatchDto({this.blocker, this.blocked, this.type});

  @override
  RelationDto<UsersDto>? blocker;

  @override
  RelationDto<UsersDto>? blocked;

  @override
  BlocksTypeEnum? type;

  @override
  Map<String, dynamic> toJson() => _$BlocksPatchDtoToJson(this);

  // ignore: unused_element
  factory BlocksPatchDto._fromJson(Map<String, dynamic> json) =>
      _$BlocksPatchDtoFromJson(json);

  @override
  List<Future<http.MultipartFile>> toFiles() => const [];
}
