import 'package:pb_dtos/pb/dto/dto.dart';
import 'package:pb_dtos/pb/dto/dto_filter.dart';
import 'package:pb_dtos/pb/dto/file_dto.dart';
import 'package:pb_dtos/pb/dto/geopoint_dto.dart';
import 'package:pb_dtos/pb/dto/relation_dto.dart';
import 'package:pb_dtos/pb/dto/filter_expression.dart';
import 'blocks_dto.dart';
import 'blocks_dto_expand.dart';
import 'users_dto.dart';
import 'users_dto_comparison_builder.dart';
import 'permissions_dto.dart';
import 'permissions_dto_comparison_builder.dart';
import 'roles_dto.dart';
import 'roles_dto_comparison_builder.dart';
import 'follows_dto.dart';
import 'follows_dto_comparison_builder.dart';
import 'friends_dto.dart';
import 'friends_dto_comparison_builder.dart';
import 'blocks_dto.dart';
import 'blocks_dto_comparison_builder.dart';
import 'posts_dto.dart';
import 'posts_dto_comparison_builder.dart';

class BlocksDtoComparisonBuilder<D extends Dto<D>>
    extends RelationComparisonBuilder<D, BlocksDto> {
  BlocksDtoComparisonBuilder(super.fieldPath, super.handler)
    : super.fieldPath();

  UsersDtoComparisonBuilder<D> get blocker => UsersDtoComparisonBuilder(
    fieldPath.extend(BlocksDtoFieldEnum.blocker),
    handler,
  );
  UsersDtoComparisonBuilder<D> get blocked => UsersDtoComparisonBuilder(
    fieldPath.extend(BlocksDtoFieldEnum.blocked),
    handler,
  );
  TerminalRelationComparisonBuilder<D, BlocksTypeEnum> get type =>
      TerminalRelationComparisonBuilder(
        fieldPath.terminate(BlocksDtoFieldEnum.type),
        handler,
      );
  TerminalRelationComparisonBuilder<D, String> get id =>
      TerminalRelationComparisonBuilder(
        fieldPath.terminate(BlocksDtoFieldEnum.id),
        handler,
      );

  // Back relations
}

class BlocksDtoMultirelComparisonBuilder<D extends Dto<D>>
    extends MultirelComparisonBuilder<D, BlocksDto> {
  BlocksDtoMultirelComparisonBuilder(super.fieldPath, super.handler)
    : super.fieldPath();

  UsersDtoMultirelComparisonBuilder<D> get blocker =>
      UsersDtoMultirelComparisonBuilder(
        fieldPath.extend(BlocksDtoFieldEnum.blocker),
        handler,
      );
  UsersDtoMultirelComparisonBuilder<D> get blocked =>
      UsersDtoMultirelComparisonBuilder(
        fieldPath.extend(BlocksDtoFieldEnum.blocked),
        handler,
      );
  TerminalMultivalRelationComparisonBuilder<D, BlocksTypeEnum> get type =>
      TerminalMultivalRelationComparisonBuilder(
        fieldPath.terminate(BlocksDtoFieldEnum.type),
        handler,
      );
  TerminalMultivalRelationComparisonBuilder<D, String> get id =>
      TerminalMultivalRelationComparisonBuilder(
        fieldPath.terminate(BlocksDtoFieldEnum.id),
        handler,
      );

  // Back relations
}
