import 'package:pb_dtos/pb/dto/dto_meta.dart';
import 'package:pocketbase/pocketbase.dart';
import 'users_dto.dart';
import 'permissions_dto.dart';
import 'roles_dto.dart';
import 'follows_dto.dart';
import 'friends_dto.dart';
import 'blocks_dto.dart';
import 'posts_dto.dart';

class FollowsDtoMeta extends DtoMeta<FollowsDto> {
  const FollowsDtoMeta();

  @override
  final String collectionName = 'follows';

  @override
  FollowsDto fromRecord(RecordModel model) => FollowsDto.fromRecord(model);
}
