import 'package:freezed_annotation/freezed_annotation.dart';
import 'package:json_annotation/json_annotation.dart';
import "package:pocketbase/pocketbase.dart" show RecordModel;
import 'package:pb_dtos/pb/dto/dto.dart';
import 'package:pb_dtos/pb/dto/dto_expand.dart';
import 'package:pb_dtos/pb/dto/dto_field.dart';
import 'package:pb_dtos/pb/dto/file_dto.dart';
import 'package:pb_dtos/pb/dto/relation_dto.dart';
import 'package:pb_dtos/pb/dto/geopoint_dto.dart';
import 'package:pb_dtos/pb/dto/relation_dto.dart';
import 'users_dto.dart';
import 'permissions_dto.dart';
import 'roles_dto.dart';
import 'follows_dto.dart';
import 'friends_dto.dart';
import 'blocks_dto.dart';
import 'posts_dto.dart';
import 'users_dto_expand.dart';
import 'permissions_dto_expand.dart';
import 'roles_dto_expand.dart';
import 'follows_dto_expand.dart';
import 'friends_dto_expand.dart';
import 'blocks_dto_expand.dart';
import 'posts_dto_expand.dart';
import 'permissions_dto_filter.dart';
import 'permissions_dto_meta.dart';
import 'permissions_dto_sort.dart';

part 'permissions_dto_expand.freezed.dart';
part 'permissions_dto_expand.g.dart';

enum PermissionsDtoExpandEnum<V>
    implements DtoExpandEnum<PermissionsDto>, DtoTypedField<PermissionsDto, V> {
  rolesViaPermissions<RelationDto<RolesDto>>('', "roles_via_permissions");

  const PermissionsDtoExpandEnum(this.pbId, this.pbName);

  @override
  final String pbId;

  @override
  final String pbName;

  @override
  DtoFieldSettings? get settings => null;
}

class PermissionsDtoExpand<D extends Dto<D>>
    extends DtoExpand<D, PermissionsDto> {
  PermissionsDtoExpand() : super.root();

  PermissionsDtoExpand.from(super.delegate);

  RolesDtoExpand<PermissionsDto> rolesViaPermissions() => RolesDtoExpand.from(
    addRelation(PermissionsDtoExpandEnum.rolesViaPermissions),
  );
}

@freezed
@JsonSerializable(createToJson: false)
class PermissionsExpandDto with _$PermissionsExpandDto {
  PermissionsExpandDto({this.rolesViaPermissions = null});

  @JsonKey(name: 'roles_via_permissions')
  @override
  final List<RolesDto>? rolesViaPermissions;

  factory PermissionsExpandDto.fromJson(Map<String, dynamic> json) =>
      _$PermissionsExpandDtoFromJson(json);
}
