import 'package:freezed_annotation/freezed_annotation.dart';
import 'package:json_annotation/json_annotation.dart';
import "package:pocketbase/pocketbase.dart" show RecordModel;
import 'package:pb_dtos/pb/dto/dto.dart';
import 'package:pb_dtos/pb/dto/dto_expand.dart';
import 'package:pb_dtos/pb/dto/dto_field.dart';
import 'package:pb_dtos/pb/dto/file_dto.dart';
import 'package:pb_dtos/pb/dto/relation_dto.dart';
import 'package:pb_dtos/pb/dto/geopoint_dto.dart';
import 'package:pb_dtos/pb/dto/relation_dto.dart';
import 'users_dto.dart';
import 'permissions_dto.dart';
import 'roles_dto.dart';
import 'follows_dto.dart';
import 'friends_dto.dart';
import 'blocks_dto.dart';
import 'posts_dto.dart';
import 'private_profiles_dto.dart';
import 'users_dto_expand.dart';
import 'permissions_dto_expand.dart';
import 'roles_dto_expand.dart';
import 'follows_dto_expand.dart';
import 'friends_dto_expand.dart';
import 'blocks_dto_expand.dart';
import 'posts_dto_expand.dart';
import 'private_profiles_dto_expand.dart';
import 'posts_dto_filter.dart';
import 'posts_dto_meta.dart';
import 'posts_dto_sort.dart';

part 'posts_dto_expand.freezed.dart';
part 'posts_dto_expand.g.dart';

enum PostsDtoExpandEnum<V>
    implements DtoExpandEnum<PostsDto>, DtoFilterableField<PostsDto, V> {
  poster<RelationDto<UsersDto>>("poster"),
  tagged<RelationDto<UsersDto>>("tagged");

  const PostsDtoExpandEnum(this.pbName);

  @override
  final String pbName;
}

class PostsDtoExpand<D extends Dto<D>> extends DtoExpandBase<D, PostsDto> {
  PostsDtoExpand() : super.root();

  PostsDtoExpand.from(super.delegate);

  void call() {
    finish();
  }

  UsersDtoExpand<PostsDto> get poster =>
      UsersDtoExpand.from(addRelation(PostsDtoFieldEnum.poster));

  UsersDtoExpand<PostsDto> get tagged =>
      UsersDtoExpand.from(addRelation(PostsDtoFieldEnum.tagged));
}

@freezed
@JsonSerializable(createToJson: false)
class PostsExpandDto with _$PostsExpandDto {
  PostsExpandDto({this.poster = null, this.tagged = null});

  final UsersDto? poster;
  final List<UsersDto>? tagged;

  factory PostsExpandDto.fromJson(Map<String, dynamic> json) =>
      _$PostsExpandDtoFromJson(json);
}
