import 'package:pb_dtos/pb/dto/dto.dart';
import 'package:pb_dtos/pb/dto/dto_sort.dart';
import 'roles_dto.dart';
import 'users_dto_sort.dart';
import 'permissions_dto_sort.dart';
import 'roles_dto_sort.dart';
import 'follows_dto_sort.dart';
import 'friends_dto_sort.dart';
import 'blocks_dto_sort.dart';
import 'posts_dto_sort.dart';
import 'private_profiles_dto_sort.dart';
import 'roles_dto_expand.dart';

class RolesDtoSort<D extends Dto<D>> extends DtoSortBase<D, RolesDto> {
  RolesDtoSort() : super.root();

  RolesDtoSort.from(super.delegate);

  void call({bool desc = false}) {
    finish(desc);
  }

  void name({bool desc = false}) => addField(RolesDtoFieldEnum.name_, desc);

  PermissionsDtoSort<RolesDto> get permissions =>
      PermissionsDtoSort.from(addRelation(RolesDtoFieldEnum.permissions));

  void id({bool desc = false}) => addField(RolesDtoFieldEnum.id, desc);

  UsersDtoSort<RolesDto> get usersViaRoles =>
      UsersDtoSort.from(addRelation(RolesDtoExpandEnum.usersViaRoles));
}
