import 'package:freezed_annotation/freezed_annotation.dart';
import 'package:json_annotation/json_annotation.dart';
import "package:pocketbase/pocketbase.dart" show RecordModel;
import 'package:pb_dtos/pb/dto/dto.dart';
import 'package:pb_dtos/pb/dto/dto_expand.dart';
import 'package:pb_dtos/pb/dto/dto_field.dart';
import 'package:pb_dtos/pb/dto/file_dto.dart';
import 'package:pb_dtos/pb/dto/geopoint_dto.dart';
import 'package:pb_dtos/pb/dto/relation_dto.dart';
import 'package:pb_dtos/pb/dto/patch_dto.dart';
import 'users_dto.dart';
import 'permissions_dto.dart';
import 'roles_dto.dart';
import 'follows_dto.dart';
import 'friends_dto.dart';
import 'blocks_dto.dart';
import 'posts_dto.dart';
import 'roles_dto_filter.dart';
import 'roles_dto_meta.dart';
import 'roles_dto_sort.dart';
import 'roles_dto_expand.dart';
import 'package:http/http.dart' as http;

part 'roles_patch_dto.freezed.dart';
part 'roles_patch_dto.g.dart';

@freezed
@JsonSerializable(explicitToJson: true, includeIfNull: false)
class RolesPatchDto with _$RolesPatchDto implements PatchDto<RolesDto> {
  RolesPatchDto({
    this.name,
    this.permissions,
    this.permissionsRemovals,
    this.permissionsPrefix,
    this.permissionsSuffix,
  });

  @override
  String? name;

  @override
  List<RelationDto<PermissionsDto>>? permissions;

  @override
  @JsonKey(name: 'permissions-')
  List<RelationDto<PermissionsDto>>? permissionsRemovals;

  @override
  @JsonKey(name: '+permissions')
  List<RelationDto<PermissionsDto>>? permissionsPrefix;

  @override
  @JsonKey(name: 'permissions+')
  List<RelationDto<PermissionsDto>>? permissionsSuffix;

  @override
  Map<String, dynamic> toJson() => _$RolesPatchDtoToJson(this);

  // ignore: unused_element
  factory RolesPatchDto._fromJson(Map<String, dynamic> json) =>
      _$RolesPatchDtoFromJson(json);

  @override
  List<Future<http.MultipartFile>> toFiles() => const [];
}
