import 'package:pb_dtos/pb/dto/dto.dart';
import 'package:pb_dtos/pb/dto/dto_field.dart';
import 'roles_dto.dart';
import 'users_dto_field_select.dart';
import 'permissions_dto_field_select.dart';
import 'roles_dto_field_select.dart';
import 'follows_dto_field_select.dart';
import 'friends_dto_field_select.dart';
import 'blocks_dto_field_select.dart';
import 'posts_dto_field_select.dart';
import 'private_profiles_dto_field_select.dart';
import 'roles_dto_expand.dart';

class RolesDtoFieldSelect<D extends Dto<D>>
    extends DtoFieldSelectBase<RolesDto> {
  RolesDtoFieldSelect() : super();

  RolesDtoFieldSelect.nested(super.$parts, super.$fieldChain) : super.nested();

  ModifiableStringField get name =>
      $addModifiableField(RolesDtoFieldEnum.name_);

  void permissions() => $addField(RolesDtoFieldEnum.permissions);

  ModifiableStringField get id => $addModifiableField(RolesDtoFieldEnum.id);

  RolesDtoExpandDtoFieldSelect<RolesDto> get expand =>
      $addExpand<RolesDto, RolesDtoExpandDtoFieldSelect<RolesDto>>(
        RolesDtoExpandDtoFieldSelect.new,
      );
}

class RolesDtoExpandDtoFieldSelect<D extends Dto<D>>
    extends DtoFieldSelectBase<RolesDto> {
  RolesDtoExpandDtoFieldSelect(super.$parts, super.$fieldChain)
    : super.nested();

  PermissionsDtoFieldSelect<RolesDto> get permissions => $addRelation(
    PermissionsDtoFieldSelect.nested,
    RolesDtoFieldEnum.permissions,
  );

  UsersDtoFieldSelect<RolesDto> get usersViaRoles => $addRelation(
    UsersDtoFieldSelect.nested,
    RolesDtoExpandEnum.usersViaRoles,
  );
}
