import 'package:pb_dtos/pb/dto/dto.dart';
import 'package:pb_dtos/pb/dto/dto_filter.dart';
import 'package:pb_dtos/pb/dto/file_dto.dart';
import 'package:pb_dtos/pb/dto/geopoint_dto.dart';
import 'package:pb_dtos/pb/dto/relation_dto.dart';
import 'package:pb_dtos/pb/dto/filter_expression.dart';
import 'roles_dto.dart';
import 'roles_dto_expand.dart';
import 'users_dto.dart';
import 'users_dto_comparison_builder.dart';
import 'permissions_dto.dart';
import 'permissions_dto_comparison_builder.dart';
import 'roles_dto.dart';
import 'roles_dto_comparison_builder.dart';
import 'follows_dto.dart';
import 'follows_dto_comparison_builder.dart';
import 'friends_dto.dart';
import 'friends_dto_comparison_builder.dart';
import 'blocks_dto.dart';
import 'blocks_dto_comparison_builder.dart';
import 'posts_dto.dart';
import 'posts_dto_comparison_builder.dart';
import 'private_profiles_dto.dart';
import 'private_profiles_dto_comparison_builder.dart';

class RolesDtoComparisonBuilder<D extends Dto<D>>
    extends RelationComparisonBuilder<D, RolesDto> {
  RolesDtoComparisonBuilder(super.fieldPath, super.handler) : super.fieldPath();

  TerminalRelationComparisonBuilder<D, String> get name =>
      TerminalRelationComparisonBuilder(
        fieldPath.terminate(RolesDtoFieldEnum.name_),
        handler,
      );
  PermissionsDtoMultirelComparisonBuilder<D> get permissions =>
      PermissionsDtoMultirelComparisonBuilder(
        fieldPath.extend(RolesDtoFieldEnum.permissions),
        handler,
      );
  TerminalRelationComparisonBuilder<D, String> get id =>
      TerminalRelationComparisonBuilder(
        fieldPath.terminate(RolesDtoFieldEnum.id),
        handler,
      );

  // Back relations
  UsersDtoMultirelComparisonBuilder<D> get usersViaRoles =>
      UsersDtoMultirelComparisonBuilder<D>(
        fieldPath.extend(RolesDtoExpandEnum.usersViaRoles),
        handler,
      );
}

class RolesDtoMultirelComparisonBuilder<D extends Dto<D>>
    extends MultirelComparisonBuilder<D, RolesDto> {
  RolesDtoMultirelComparisonBuilder(super.fieldPath, super.handler)
    : super.fieldPath();

  TerminalMultivalRelationComparisonBuilder<D, String> get name =>
      TerminalMultivalRelationComparisonBuilder(
        fieldPath.terminate(RolesDtoFieldEnum.name_),
        handler,
      );
  PermissionsDtoMultirelComparisonBuilder<D> get permissions =>
      PermissionsDtoMultirelComparisonBuilder(
        fieldPath.extend(RolesDtoFieldEnum.permissions),
        handler,
      );
  TerminalMultivalRelationComparisonBuilder<D, String> get id =>
      TerminalMultivalRelationComparisonBuilder(
        fieldPath.terminate(RolesDtoFieldEnum.id),
        handler,
      );

  // Back relations
  UsersDtoMultirelComparisonBuilder<D> get usersViaRoles =>
      UsersDtoMultirelComparisonBuilder<D>(
        fieldPath.extend(RolesDtoExpandEnum.usersViaRoles),
        handler,
      );
}
