import 'package:freezed_annotation/freezed_annotation.dart';
import 'package:json_annotation/json_annotation.dart';
import "package:pocketbase/pocketbase.dart" show RecordModel;
import 'package:pb_dtos/pb/dto/dto.dart';
import 'package:pb_dtos/pb/dto/dto_expand.dart';
import 'package:pb_dtos/pb/dto/dto_field.dart';
import 'package:pb_dtos/pb/dto/file_dto.dart';
import 'package:pb_dtos/pb/dto/geopoint_dto.dart';
import 'package:pb_dtos/pb/dto/relation_dto.dart';
import 'package:pb_dtos/pb/dto/patch_dto.dart';
import 'users_dto.dart';
import 'permissions_dto.dart';
import 'roles_dto.dart';
import 'follows_dto.dart';
import 'friends_dto.dart';
import 'blocks_dto.dart';
import 'posts_dto.dart';
import 'users_dto_filter.dart';
import 'users_dto_meta.dart';
import 'users_dto_sort.dart';
import 'users_dto_expand.dart';

part 'users_patch_dto.freezed.dart';
part 'users_patch_dto.g.dart';

@freezed
@JsonSerializable(explicitToJson: true, includeIfNull: false)
class UsersPatchDto with _$UsersPatchDto implements PatchDto<UsersDto> {
  UsersPatchDto({
    this.password,
    this.tokenKey,
    this.email,
    this.emailVisibility,
    this.verified,
    this.name,
    this.avatar,
    this.roles,
    this.rolesRemovals,
    this.rolesPrefix,
    this.rolesSuffix,

    this.birthday,
  });

  @override
  String? password;

  @override
  String? tokenKey;

  @override
  String? email;

  @override
  bool? emailVisibility;

  @override
  bool? verified;

  @override
  String? name;

  @override
  FileDto? avatar;

  @override
  List<RelationDto<RolesDto>>? roles;

  @override
  @JsonKey(name: 'roles-')
  List<RelationDto<RolesDto>>? rolesRemovals;

  @override
  @JsonKey(name: '+roles')
  List<RelationDto<RolesDto>>? rolesPrefix;

  @override
  @JsonKey(name: 'roles+')
  List<RelationDto<RolesDto>>? rolesSuffix;

  @override
  DateTime? birthday;

  @override
  Map<String, dynamic> toJson() => _$UsersPatchDtoToJson(this);
}
